<?xml version="1.0" encoding="UTF-8"?>
<osm version="0.6" generator="Overpass API">
<note>The data included in this document is from www.openstreetmap.org. The data is made available under ODbL.</note>
<meta osm_base=""/>

  <way id="202">
    <bounds minlat="51.2500001" minlon="7.1500001" maxlat="51.2600001" maxlon="7.1510001"/>
    <nd ref="20201" lat="51.2500001" lon="7.1500001"/>
    <nd ref="20202" lat="51.2500001" lon="7.1510001"/>
    <nd ref="20203" lat="51.2600001" lon="7.1510001"/>
    <nd ref="20204" lat="51.2600001" lon="7.1500001"/>
    <nd ref="20201" lat="51.2500001" lon="7.1500001"/>
  </way>

</osm>
